// Vitest Snapshot v1, https://vitest.dev/guide/snapshot.html

exports[`computeFrame > matches the golden snapshot for the fixture dataset 1`] = `
[
  {
    "a11yLabel": "Discovery, Sep 1, 2026 – Sep 5, 2026",
    "entryId": "entry-1",
    "flags": {},
    "height": 32,
    "id": "entry-1:0",
    "kind": "span",
    "label": "Discovery",
    "lane": 0,
    "rowId": "row:entry-1",
    "width": 432000,
    "x": 0,
    "y": 0,
  },
  {
    "a11yLabel": "Stakeholder interviews, Sep 1, 2026 – Sep 3, 2026",
    "entryId": "entry-2",
    "flags": {},
    "height": 32,
    "id": "entry-2:0",
    "kind": "span",
    "label": "Stakeholder interviews",
    "lane": 0,
    "rowId": "row:entry-2",
    "width": 259200,
    "x": 0,
    "y": 32,
  },
  {
    "a11yLabel": "Requirements draft, Sep 4, 2026 – Sep 7, 2026",
    "entryId": "entry-3",
    "flags": {},
    "height": 32,
    "id": "entry-3:0",
    "kind": "span",
    "label": "Requirements draft",
    "lane": 0,
    "rowId": "row:entry-3",
    "width": 345600,
    "x": 259200,
    "y": 64,
  },
]
`;
